/workspace/ni_al/envs/mace-py312-cu128/lib/python3.12/site-packages/e3nn/o3/_wigner.py:10: UserWarning: Environment variable TORCH_FORCE_NO_WEIGHTS_ONLY_LOAD detected, since the`weights_only` argument was not explicitly passed to `torch.load`, forcing weights_only=False.
  _Jd, _W3j_flat, _W3j_indices = torch.load(os.path.join(os.path.dirname(__file__), 'constants.pt'))
cuequivariance or cuequivariance_torch is not available. Cuequivariance acceleration will be disabled.
Evaluating seed 20260811...
/workspace/ni_al/envs/mace-py312-cu128/lib/python3.12/site-packages/mace/calculators/mace.py:226: UserWarning: Environment variable TORCH_FORCE_NO_WEIGHTS_ONLY_LOAD detected, since the`weights_only` argument was not explicitly passed to `torch.load`, forcing weights_only=False.
  torch.load(f=model_path, map_location=device)
Evaluating seed 20260812...
/workspace/ni_al/envs/mace-py312-cu128/lib/python3.12/site-packages/mace/calculators/mace.py:226: UserWarning: Environment variable TORCH_FORCE_NO_WEIGHTS_ONLY_LOAD detected, since the`weights_only` argument was not explicitly passed to `torch.load`, forcing weights_only=False.
  torch.load(f=model_path, map_location=device)
Evaluating seed 20260813...
/workspace/ni_al/envs/mace-py312-cu128/lib/python3.12/site-packages/mace/calculators/mace.py:226: UserWarning: Environment variable TORCH_FORCE_NO_WEIGHTS_ONLY_LOAD detected, since the`weights_only` argument was not explicitly passed to `torch.load`, forcing weights_only=False.
  torch.load(f=model_path, map_location=device)

====================================================================================================
PER-SEED RESERVED-19 (excl. cfg043) DISTRIBUTION
====================================================================================================

seed 20260811: min=0.0035 median=0.2662 p75=0.9297 p90=1.6306 max=2.5232 (at cfg060_Al3Ni5_volume_rattle_expansion)

seed 20260812: min=0.0016 median=0.2958 p75=0.8253 p90=1.7838 max=2.4333 (at cfg060_Al3Ni5_volume_rattle_expansion)

seed 20260813: min=0.0048 median=0.3030 p75=1.0184 p90=1.5013 max=2.6183 (at cfg060_Al3Ni5_volume_rattle_expansion)

====================================================================================================
SENSITIVITY TABLE (max of reserved-19, per seed)
====================================================================================================
  seed 20260811: max=2.5232 (at cfg060_Al3Ni5_volume_rattle_expansion)
  seed 20260812: max=2.4333 (at cfg060_Al3Ni5_volume_rattle_expansion)
  seed 20260813: max=2.6183 (at cfg060_Al3Ni5_volume_rattle_expansion)

  spread across 3 seeds: 0.1850 meV/atom
  LOCKED THRESHOLD (max across seeds): 2.6183 meV/atom, from seed 20260813, config cfg060_Al3Ni5_volume_rattle_expansion
